// Vitest Snapshot v1

exports[`Get experience years sum 1`] = `727`;

exports[`Get users count 1`] = `88`;

exports[`Get users name->experience map 1`] = `
{
  "Abernathy": 4,
  "Altenwerth": 2,
  "Balistreri": 8,
  "Bartell": 8,
  "Barton": 10,
  "Beier": 8,
  "Boyle": 10,
  "Braun": 13,
  "Breitenberg": 13,
  "Brown": 13,
  "Buckridge": 12,
  "Collins": 8,
  "Conn": 4,
  "Corkery": 14,
  "Cormier": 9,
  "Crist": 4,
  "Crona": 7,
  "Cummings": 3,
  "Deckow": 3,
  "Dickens": 14,
  "Doyle": 12,
  "Durgan": 4,
  "Erdman": 11,
  "Fadel": 11,
  "Feest": 14,
  "Flatley": 8,
  "Fritsch": 4,
  "Gerlach": 3,
  "Gleason": 14,
  "Gleichner": 6,
  "Gottlieb": 7,
  "Gusikowski": 7,
  "Heidenreich": 8,
  "Hermiston": 2,
  "Hills": 5,
  "Hudson": 6,
  "Huel": 15,
  "Jacobson": 12,
  "Jast": 9,
  "Jerde": 4,
  "Johnston": 8,
  "Jones": 5,
  "Kautzer": 2,
  "Keebler": 10,
  "Keeling": 7,
  "Kihn": 13,
  "Koelpin": 3,
  "Kuphal": 9,
  "Langworth": 4,
  "Lemke": 5,
  "Lind": 14,
  "Lueilwitz": 4,
  "Mayert": 14,
  "Metz": 8,
  "Moore": 12,
  "Murray": 8,
  "Nicolas": 4,
  "Nikolaus": 8,
  "Nolan": 9,
  "Okuneva": 13,
  "Ondricka": 9,
  "Padberg": 12,
  "Pfannerstill": 6,
  "Pfeffer": 3,
  "Pollich": 6,
  "Purdy": 13,
  "Reichert": 13,
  "Rempel": 2,
  "Ritchie": 4,
  "Schumm": 9,
  "Simonis": 15,
  "Stanton": 3,
  "Stehr": 5,
  "Thiel": 10,
  "Treutel": 6,
  "Turcotte": 10,
  "Turner": 9,
  "Ullrich": 7,
  "Upton": 13,
  "Veum": 13,
  "VonRueden": 5,
  "Walsh": 9,
  "Will": 15,
  "Wisoky": 3,
  "Wisozk": 10,
  "Wolf": 4,
  "Zemlak": 14,
  "Ziemann": 10,
}
`;

exports[`Get users names length sum 1`] = `579`;
